// Jest Snapshot v1, https://goo.gl/fbAQLP

exports[`renders App snapshot 1`] = `
<div
  id="main"
>
  <div
    className="profileSelector"
    id="profileSelector"
  >
    <label
      htmlFor="profile"
    >
      Select a profile: 
    </label>
    <select
      name="profile"
      onChange={[Function]}
    >
      <option
        value=""
      >
        Default
      </option>
      <option
        value="secondBite"
      >
        SecondBite
      </option>
      <option
        value="axil"
      >
        Axil Coffee Roasters
      </option>
      <option
        value="myer"
      >
        MYER
      </option>
    </select>
  </div>
  <div
    className="orderSummary"
    id="orderSummary"
  >
    <table>
      <thead>
        <tr>
          <td>
            Name
          </td>
          <td>
            Quantity
          </td>
          <td>
            Price
          </td>
          <td>
            Total
          </td>
        </tr>
      </thead>
      <tbody>
        <tr>
          <td>
            Classic Ad
          </td>
          <td>
            <div
              className="quantityPicker"
              id="classicAdPicker"
            >
              <div
                className="quantityPickerText"
              >
                <p>
                  0
                </p>
              </div>
              <div
                className="quantityPickerButtonHolder"
              >
                <button
                  onClick={[Function]}
                >
                  +
                </button>
                <button
                  onClick={[Function]}
                >
                  -
                </button>
              </div>
            </div>
          </td>
          <td>
            A$269.99
          </td>
          <td
            className="orderSummaryItemSubtotal"
          >
            A$0.00
          </td>
        </tr>
        <tr>
          <td>
            Stand Out Ad
          </td>
          <td>
            <div
              className="quantityPicker"
              id="standOutAdPicker"
            >
              <div
                className="quantityPickerText"
              >
                <p>
                  0
                </p>
              </div>
              <div
                className="quantityPickerButtonHolder"
              >
                <button
                  onClick={[Function]}
                >
                  +
                </button>
                <button
                  onClick={[Function]}
                >
                  -
                </button>
              </div>
            </div>
          </td>
          <td>
            A$322.99
          </td>
          <td
            className="orderSummaryItemSubtotal"
          >
            A$0.00
          </td>
        </tr>
        <tr>
          <td>
            Premium Ad
          </td>
          <td>
            <div
              className="quantityPicker"
              id="premiumAdPicker"
            >
              <div
                className="quantityPickerText"
              >
                <p>
                  0
                </p>
              </div>
              <div
                className="quantityPickerButtonHolder"
              >
                <button
                  onClick={[Function]}
                >
                  +
                </button>
                <button
                  onClick={[Function]}
                >
                  -
                </button>
              </div>
            </div>
          </td>
          <td>
            A$394.99
          </td>
          <td
            className="orderSummaryItemSubtotal"
          >
            A$0.00
          </td>
        </tr>
      </tbody>
    </table>
  </div>
  <div
    id="grandTotal"
  >
    <p>
      <span
        className="gtLabel"
      >
        Grand total: 
      </span>
      <span
        className="rightAlign"
      >
        A$0.00
      </span>
    </p>
  </div>
</div>
`;
